2025-12-19 21:08:01 - root - INFO - ==================================================
2025-12-19 21:08:01 - root - INFO - Система логирования успешно настроена
2025-12-19 21:08:01 - root - INFO - Файл логов: project.log
2025-12-19 21:08:01 - root - INFO - Уровень консоли: WARNING
2025-12-19 21:08:01 - root - INFO - Уровень файла: INFO
2025-12-19 21:08:01 - root - INFO - ==================================================
2025-12-19 21:08:01 - __main__ - INFO - Запуск приложения для анализа статистических тестов
2025-12-19 21:08:01 - __main__ - INFO - Чтение данных из файла...
2025-12-19 21:08:01 - work_file - INFO - Чтение файла: cpp_sequence.txt
2025-12-19 21:08:01 - __main__ - INFO - Прочитана последовательность длиной 128 бит
2025-12-19 21:08:01 - __main__ - INFO - Запуск частотного теста...
2025-12-19 21:08:01 - test - INFO - Частотный тест завершен, p-value = 0.077100
2025-12-19 21:08:01 - __main__ - INFO - Результат частотного теста: p-value = 0.077100
2025-12-19 21:08:01 - __main__ - INFO - Запуск теста на идентичные биты...
2025-12-19 21:08:01 - test - INFO - Тест на идентичные биты завершен, p-value = 0.918816
2025-12-19 21:08:01 - __main__ - INFO - Результат теста на идентичные биты: p-value = 0.918816
2025-12-19 21:08:01 - work_file - INFO - Запись данных в JSON файл: results.json
2025-12-19 21:08:01 - work_file - INFO - Данные успешно записаны в файл results.json
2025-12-19 21:08:01 - __main__ - INFO - Результаты успешно сохранены в results.json
2025-12-19 21:08:01 - __main__ - INFO - ✓ Оба теста пройдены - последовательность случайна
2025-12-19 21:08:01 - __main__ - INFO - Завершение работы приложения
